// Jest Snapshot v1, https://goo.gl/fbAQLP

exports[`Investor component matches the snapshot 1`] = `
<DocumentFragment>
  <div>
    <h1>
      Mjd Jedi fund
    </h1>
    <div
      class="investors-dropdown"
    >
      <select
        id="dropdown"
      >
        <option
          value=""
        >
          Pick an asset class to show its commitment information
        </option>
        <option
          value="pe"
        >
          Private Equity
        </option>
        <option
          value="pd"
        >
          Private Debt
        </option>
        <option
          value="re"
        >
          Real Estate
        </option>
        <option
          value="inf"
        >
          Infrastructure
        </option>
        <option
          value="nr"
        >
          Natural Resources
        </option>
        <option
          value="hf"
        >
          Hedge Funds
        </option>
      </select>
    </div>
    <table
      class="commitment-info-table"
    >
      <thead>
        <tr>
          <th>
            ID
          </th>
          <th>
            Currency
          </th>
          <th>
            Amount
          </th>
        </tr>
      </thead>
      <tbody>
        <tr>
          <td>
            34728
          </td>
          <td>
            HKD
          </td>
          <td>
            6M
          </td>
        </tr>
        <tr>
          <td>
            90806
          </td>
          <td>
            EUR
          </td>
          <td>
            20M
          </td>
        </tr>
        <tr>
          <td>
            90682
          </td>
          <td>
            GBP
          </td>
          <td>
            58M
          </td>
        </tr>
      </tbody>
    </table>
  </div>
</DocumentFragment>
`;
