// Jest Snapshot v1, https://goo.gl/fbAQLP

exports[`AssetClassesDropdown component matches snapshot 1`] = `
<DocumentFragment>
  <div
    class="investors-dropdown"
  >
    <select
      id="dropdown"
    >
      <option
        value=""
      >
        Pick an asset class to show its commitment information
      </option>
      <option
        value="pe"
      >
        Private Equity
      </option>
      <option
        value="pd"
      >
        Private Debt
      </option>
      <option
        value="re"
      >
        Real Estate
      </option>
      <option
        value="inf"
      >
        Infrastructure
      </option>
      <option
        value="nr"
      >
        Natural Resources
      </option>
      <option
        value="hf"
      >
        Hedge Funds
      </option>
    </select>
  </div>
</DocumentFragment>
`;
